// Jest Snapshot v1, https://goo.gl/fbAQLP

exports[`Connected Redux Bulldozer Component should render Bulldozer Component 1`] = `
<img
  className="bulldozer-img"
/>
`;

exports[`Connected Redux Bulldozer Component should render with given state from Redux store 1`] = `
<img
  className="bulldozer-img"
/>
`;
